[digitonaut.com/art/eiffie_balls/index.html]
[digitonaut.com/art/easter_island/index.html]
[backblue.gif]
[fade.gif]
[index.html]
[digitonaut.com/art/electric_field_lines/index.html]
[digitonaut.com/art/easter_island/style.css]
[digitonaut.com/art/elevated_coast/index.html]
[digitonaut.com/art/elysian/index.html]
[digitonaut.com/art/elemental_ring/index.html]
[digitonaut.com/art/embroidery/index.html]
[digitonaut.com/art/easter_island/sebastian.glmatrix.js]
[digitonaut.com/art/emerging_fractal_tower/index.html]
[digitonaut.com/art/encounter_curves/index.html]
[digitonaut.com/art/endless_escape/index.html]
[digitonaut.com/art/energetic_bamboo/index.html]
[digitonaut.com/art/energy_confinement/index.html]
[digitonaut.com/art/energy_plant/index.html]
[digitonaut.com/art/escalated_raymarching_terrain/index.html]
[digitonaut.com/art/easter_island/index.html]
[digitonaut.com/art/exit_the_matrix/index.html]
[digitonaut.com/art/experimental_starfield/index.html]
[digitonaut.com/art/explorers/index.html]
[digitonaut.com/art/extraordinary_city/index.html]
[digitonaut.com/art/eiffie_balls/index.html]
[digitonaut.com/art/eiffie_balls/shader-web-background.min.js]
[digitonaut.com/art/easter_island/script.js]
[digitonaut.com/art/electric_field_lines/script.js]
[digitonaut.com/art/electric_field_lines/index.html]
[digitonaut.com/art/elemental_ring/shader-web-background.min.js]
[digitonaut.com/art/elemental_ring/index.html]
[digitonaut.com/art/elevated_coast/index.html]
[digitonaut.com/art/elevated_coast/main.js]
[digitonaut.com/art/elysian/index.html]
[digitonaut.com/art/elysian/shader-web-background.min.js]
[digitonaut.com/art/embroidery/index.html]
[digitonaut.com/art/embroidery/script.js]
[digitonaut.com/art/emerging_fractal_tower/index.html]
[digitonaut.com/art/emerging_fractal_tower/shader-web-background.min.js]
[digitonaut.com/art/encounter_curves/index.html]
[digitonaut.com/art/encounter_curves/shader-web-background.min.js]
[digitonaut.com/art/endless_escape/index.html]
[digitonaut.com/art/endless_escape/shader-web-background.min.js]
[digitonaut.com/art/energetic_bamboo/openProcessing.js]
[digitonaut.com/art/elevated_coast/three.min.js]
[digitonaut.com/art/energetic_bamboo/index.html]
[digitonaut.com/art/energetic_bamboo/script.js]
[digitonaut.com/art/energy_confinement/index.html]
[digitonaut.com/art/energy_confinement/shader-web-background.min.js]
[digitonaut.com/art/energy_plant/index.html]
[digitonaut.com/art/energy_plant/main.js]
[digitonaut.com/art/escalated_raymarching_terrain/index.html]
[digitonaut.com/art/escalated_raymarching_terrain/shader-web-background.min.js]
[digitonaut.com/art/exit_the_matrix/index.html]
[digitonaut.com/art/exit_the_matrix/shader-web-background.min.js]
[digitonaut.com/art/experimental_starfield/OrbitControls.js]
[digitonaut.com/art/experimental_starfield/chroma.min.js]
[digitonaut.com/art/experimental_starfield/script.js]
[digitonaut.com/art/experimental_starfield/index.html]
[digitonaut.com/art/explorers/script.js]
[digitonaut.com/art/explorers/index.html]
[digitonaut.com/art/extraordinary_city/shader-web-background.min.js]
[digitonaut.com/art/extraordinary_city/index.html]
[digitonaut.com/art/easter_island/style.css]
[digitonaut.com/art/electric_field_lines/style.css]
[digitonaut.com/art/elevated_coast/main.css]
[digitonaut.com/art/embroidery/style.css]
[digitonaut.com/art/energy_plant/three.min.js]
[digitonaut.com/art/experimental_starfield/three.min.js]
[digitonaut.com/art/energetic_bamboo/p5.js]
[digitonaut.com/art/energy_plant/main.css]
[digitonaut.com/art/experimental_starfield/style.css]
[digitonaut.com/art/explorers/style.css]
